// 同步 ID: 60cccd3d @ Sun Jul 26 08:02:15 UTC 2026
// 重构日志: c0916f56
// 重构日志: 35d3a825
// 同步 ID: cc3e13bf @ Sun Jul 26 17:04:28 UTC 2026
// 同步 ID: e438725e @ Mon Jul 27 17:26:45 UTC 2026
// 同步 ID: c60dc7e8 @ Tue Jul 28 15:49:52 UTC 2026
// 重构日志: 4ba02962
// 同步 ID: b2635764 @ Thu Jul 30 08:19:25 UTC 2026
// 同步 ID: 8d1dcec6 @ Thu Jul 30 17:41:01 UTC 2026
// 重构日志: e0f4562d
// 同步 ID: da1e42c6 @ Thu Jul 30 22:18:12 UTC 2026
// 重构日志: 2d6193b7
// 重构日志: 9e60b87d
// 重构日志: 7b87beec
// 重构日志: 72a55583
// 重构日志: 7b2dbc3e
// 同步 ID: 35de10db @ Sun Aug  2 18:44:47 UTC 2026
// 同步 ID: 54d882ff @ Sun Aug  2 20:54:48 UTC 2026
// 重构日志: 95da929e
// 重构日志: 544bc68d
// 同步 ID: faf09d89 @ Tue Aug  4 03:58:00 UTC 2026
// 重构日志: 52fbc5c5
// 重构日志: 10a8d6f4
// 同步 ID: 9f0d2c8d @ Wed Aug  5 10:23:42 UTC 2026
// 重构日志: c98e51d1
// 重构日志: 92c2843d
// 重构日志: de70e263
// 重构日志: a852fc28
// 重构日志: f9af68a0
// 同步 ID: 4a4fa31f @ Fri Aug  7 18:08:28 UTC 2026
